Archive member included because of file (symbol)

/opt/ARM/bin/../lib/gcc/arm-none-eabi/4.8.3/armv6-m/libgcc.a(_thumb1_case_uqi.o)
                              /tmp/ccI52Loa.o (__gnu_thumb1_case_uqi)
/opt/ARM/bin/../lib/gcc/arm-none-eabi/4.8.3/armv6-m/libgcc.a(_udivsi3.o)
                              /tmp/ccI52Loa.o (__aeabi_uidiv)
/opt/ARM/bin/../lib/gcc/arm-none-eabi/4.8.3/armv6-m/libgcc.a(_dvmd_tls.o)
                              /opt/ARM/bin/../lib/gcc/arm-none-eabi/4.8.3/armv6-m/libgcc.a(_udivsi3.o) (__aeabi_idiv0)
/opt/ARM/bin/../lib/gcc/arm-none-eabi/4.8.3/../../../../arm-none-eabi/lib/armv6-m/libg.a(lib_a-exit.o)
                              /opt/ARM/bin/../lib/gcc/arm-none-eabi/4.8.3/../../../../arm-none-eabi/lib/armv6-m/crt0.o (exit)
/opt/ARM/bin/../lib/gcc/arm-none-eabi/4.8.3/../../../../arm-none-eabi/lib/armv6-m/libg.a(lib_a-impure.o)
                              /opt/ARM/bin/../lib/gcc/arm-none-eabi/4.8.3/../../../../arm-none-eabi/lib/armv6-m/libg.a(lib_a-exit.o) (_global_impure_ptr)
/opt/ARM/bin/../lib/gcc/arm-none-eabi/4.8.3/../../../../arm-none-eabi/lib/armv6-m/libg.a(lib_a-init.o)
                              /opt/ARM/bin/../lib/gcc/arm-none-eabi/4.8.3/../../../../arm-none-eabi/lib/armv6-m/crt0.o (__libc_init_array)
/opt/ARM/bin/../lib/gcc/arm-none-eabi/4.8.3/../../../../arm-none-eabi/lib/armv6-m/libg.a(lib_a-memset.o)
                              /opt/ARM/bin/../lib/gcc/arm-none-eabi/4.8.3/../../../../arm-none-eabi/lib/armv6-m/crt0.o (memset)
/opt/ARM/bin/../lib/gcc/arm-none-eabi/4.8.3/../../../../arm-none-eabi/lib/armv6-m/libg.a(lib_a-__call_atexit.o)
                              /opt/ARM/bin/../lib/gcc/arm-none-eabi/4.8.3/../../../../arm-none-eabi/lib/armv6-m/libg.a(lib_a-exit.o) (__call_exitprocs)
/opt/ARM/bin/../lib/gcc/arm-none-eabi/4.8.3/../../../../arm-none-eabi/lib/armv6-m/libg.a(lib_a-atexit.o)
                              /opt/ARM/bin/../lib/gcc/arm-none-eabi/4.8.3/../../../../arm-none-eabi/lib/armv6-m/libg.a(lib_a-__call_atexit.o) (atexit)
/opt/ARM/bin/../lib/gcc/arm-none-eabi/4.8.3/../../../../arm-none-eabi/lib/armv6-m/libg.a(lib_a-fini.o)
                              /opt/ARM/bin/../lib/gcc/arm-none-eabi/4.8.3/../../../../arm-none-eabi/lib/armv6-m/libg.a(lib_a-__call_atexit.o) (__libc_fini_array)
/opt/ARM/bin/../lib/gcc/arm-none-eabi/4.8.3/../../../../arm-none-eabi/lib/armv6-m/libg.a(lib_a-__atexit.o)
                              /opt/ARM/bin/../lib/gcc/arm-none-eabi/4.8.3/../../../../arm-none-eabi/lib/armv6-m/libg.a(lib_a-atexit.o) (__register_exitproc)

Discarded input sections

 .text          0x00000000        0x0 /opt/ARM/bin/../lib/gcc/arm-none-eabi/4.8.3/armv6-m/crti.o
 .data          0x00000000        0x0 /opt/ARM/bin/../lib/gcc/arm-none-eabi/4.8.3/armv6-m/crti.o
 .bss           0x00000000        0x0 /opt/ARM/bin/../lib/gcc/arm-none-eabi/4.8.3/armv6-m/crti.o
 .text          0x00000000       0x60 /opt/ARM/bin/../lib/gcc/arm-none-eabi/4.8.3/armv6-m/crtbegin.o
 .data          0x00000000        0x4 /opt/ARM/bin/../lib/gcc/arm-none-eabi/4.8.3/armv6-m/crtbegin.o
 .bss           0x00000000       0x1c /opt/ARM/bin/../lib/gcc/arm-none-eabi/4.8.3/armv6-m/crtbegin.o
 .init_array    0x00000000        0x4 /opt/ARM/bin/../lib/gcc/arm-none-eabi/4.8.3/armv6-m/crtbegin.o
 .fini_array    0x00000000        0x4 /opt/ARM/bin/../lib/gcc/arm-none-eabi/4.8.3/armv6-m/crtbegin.o
 .eh_frame      0x00000000        0x0 /opt/ARM/bin/../lib/gcc/arm-none-eabi/4.8.3/armv6-m/crtbegin.o
 .jcr           0x00000000        0x0 /opt/ARM/bin/../lib/gcc/arm-none-eabi/4.8.3/armv6-m/crtbegin.o
 .ARM.attributes
                0x00000000       0x2c /opt/ARM/bin/../lib/gcc/arm-none-eabi/4.8.3/armv6-m/crtbegin.o
 .text          0x00000000       0x78 /opt/ARM/bin/../lib/gcc/arm-none-eabi/4.8.3/../../../../arm-none-eabi/lib/armv6-m/crt0.o
 .data          0x00000000        0x0 /opt/ARM/bin/../lib/gcc/arm-none-eabi/4.8.3/../../../../arm-none-eabi/lib/armv6-m/crt0.o
 .bss           0x00000000        0x0 /opt/ARM/bin/../lib/gcc/arm-none-eabi/4.8.3/../../../../arm-none-eabi/lib/armv6-m/crt0.o
 .ARM.extab     0x00000000        0x0 /opt/ARM/bin/../lib/gcc/arm-none-eabi/4.8.3/../../../../arm-none-eabi/lib/armv6-m/crt0.o
 .ARM.exidx     0x00000000        0x8 /opt/ARM/bin/../lib/gcc/arm-none-eabi/4.8.3/../../../../arm-none-eabi/lib/armv6-m/crt0.o
 .ARM.attributes
                0x00000000       0x1b /opt/ARM/bin/../lib/gcc/arm-none-eabi/4.8.3/../../../../arm-none-eabi/lib/armv6-m/crt0.o
 .text          0x00000000        0x0 /tmp/ccKUKN2K.o
 .data          0x00000000        0x0 /tmp/ccKUKN2K.o
 .bss           0x00000000        0x0 /tmp/ccKUKN2K.o
 .text          0x00000000        0x0 /tmp/ccI52Loa.o
 .data          0x00000000        0x0 /tmp/ccI52Loa.o
 .bss           0x00000000        0x0 /tmp/ccI52Loa.o
 .text.SystemCoreClockUpdate
                0x00000000       0x8c /tmp/ccI52Loa.o
 .data.PLLMulTable
                0x00000000        0x9 /tmp/ccI52Loa.o
 .data.AHBPrescTable
                0x00000000       0x10 /tmp/ccI52Loa.o
 .data.SystemCoreClock
                0x00000000        0x4 /tmp/ccI52Loa.o
 .text          0x00000000       0x14 /tmp/cc4UjQjy.o
 .data          0x00000000        0x0 /tmp/cc4UjQjy.o
 .bss           0x00000000        0x0 /tmp/cc4UjQjy.o
 .text          0x00000000       0x14 /opt/ARM/bin/../lib/gcc/arm-none-eabi/4.8.3/armv6-m/libgcc.a(_thumb1_case_uqi.o)
 .data          0x00000000        0x0 /opt/ARM/bin/../lib/gcc/arm-none-eabi/4.8.3/armv6-m/libgcc.a(_thumb1_case_uqi.o)
 .bss           0x00000000        0x0 /opt/ARM/bin/../lib/gcc/arm-none-eabi/4.8.3/armv6-m/libgcc.a(_thumb1_case_uqi.o)
 .ARM.attributes
                0x00000000       0x1e /opt/ARM/bin/../lib/gcc/arm-none-eabi/4.8.3/armv6-m/libgcc.a(_thumb1_case_uqi.o)
 .text          0x00000000       0x9c /opt/ARM/bin/../lib/gcc/arm-none-eabi/4.8.3/armv6-m/libgcc.a(_udivsi3.o)
 .data          0x00000000        0x0 /opt/ARM/bin/../lib/gcc/arm-none-eabi/4.8.3/armv6-m/libgcc.a(_udivsi3.o)
 .bss           0x00000000        0x0 /opt/ARM/bin/../lib/gcc/arm-none-eabi/4.8.3/armv6-m/libgcc.a(_udivsi3.o)
 .debug_frame   0x00000000       0x20 /opt/ARM/bin/../lib/gcc/arm-none-eabi/4.8.3/armv6-m/libgcc.a(_udivsi3.o)
 .ARM.attributes
                0x00000000       0x1e /opt/ARM/bin/../lib/gcc/arm-none-eabi/4.8.3/armv6-m/libgcc.a(_udivsi3.o)
 .text          0x00000000        0x4 /opt/ARM/bin/../lib/gcc/arm-none-eabi/4.8.3/armv6-m/libgcc.a(_dvmd_tls.o)
 .data          0x00000000        0x0 /opt/ARM/bin/../lib/gcc/arm-none-eabi/4.8.3/armv6-m/libgcc.a(_dvmd_tls.o)
 .bss           0x00000000        0x0 /opt/ARM/bin/../lib/gcc/arm-none-eabi/4.8.3/armv6-m/libgcc.a(_dvmd_tls.o)
 .ARM.attributes
                0x00000000       0x1e /opt/ARM/bin/../lib/gcc/arm-none-eabi/4.8.3/armv6-m/libgcc.a(_dvmd_tls.o)
 .text          0x00000000        0x0 /opt/ARM/bin/../lib/gcc/arm-none-eabi/4.8.3/../../../../arm-none-eabi/lib/armv6-m/libg.a(lib_a-exit.o)
 .data          0x00000000        0x0 /opt/ARM/bin/../lib/gcc/arm-none-eabi/4.8.3/../../../../arm-none-eabi/lib/armv6-m/libg.a(lib_a-exit.o)
 .bss           0x00000000        0x0 /opt/ARM/bin/../lib/gcc/arm-none-eabi/4.8.3/../../../../arm-none-eabi/lib/armv6-m/libg.a(lib_a-exit.o)
 .text.exit     0x00000000       0x20 /opt/ARM/bin/../lib/gcc/arm-none-eabi/4.8.3/../../../../arm-none-eabi/lib/armv6-m/libg.a(lib_a-exit.o)
 .ARM.attributes
                0x00000000       0x2c /opt/ARM/bin/../lib/gcc/arm-none-eabi/4.8.3/../../../../arm-none-eabi/lib/armv6-m/libg.a(lib_a-exit.o)
 .debug_frame   0x00000000       0x28 /opt/ARM/bin/../lib/gcc/arm-none-eabi/4.8.3/../../../../arm-none-eabi/lib/armv6-m/libg.a(lib_a-exit.o)
 .text          0x00000000        0x0 /opt/ARM/bin/../lib/gcc/arm-none-eabi/4.8.3/../../../../arm-none-eabi/lib/armv6-m/libg.a(lib_a-impure.o)
 .data          0x00000000        0x0 /opt/ARM/bin/../lib/gcc/arm-none-eabi/4.8.3/../../../../arm-none-eabi/lib/armv6-m/libg.a(lib_a-impure.o)
 .bss           0x00000000        0x0 /opt/ARM/bin/../lib/gcc/arm-none-eabi/4.8.3/../../../../arm-none-eabi/lib/armv6-m/libg.a(lib_a-impure.o)
 .data.impure_data
                0x00000000      0x428 /opt/ARM/bin/../lib/gcc/arm-none-eabi/4.8.3/../../../../arm-none-eabi/lib/armv6-m/libg.a(lib_a-impure.o)
 .data._impure_ptr
                0x00000000        0x4 /opt/ARM/bin/../lib/gcc/arm-none-eabi/4.8.3/../../../../arm-none-eabi/lib/armv6-m/libg.a(lib_a-impure.o)
 .rodata.str1.4
                0x00000000        0x4 /opt/ARM/bin/../lib/gcc/arm-none-eabi/4.8.3/../../../../arm-none-eabi/lib/armv6-m/libg.a(lib_a-impure.o)
 .rodata._global_impure_ptr
                0x00000000        0x4 /opt/ARM/bin/../lib/gcc/arm-none-eabi/4.8.3/../../../../arm-none-eabi/lib/armv6-m/libg.a(lib_a-impure.o)
 .ARM.attributes
                0x00000000       0x2c /opt/ARM/bin/../lib/gcc/arm-none-eabi/4.8.3/../../../../arm-none-eabi/lib/armv6-m/libg.a(lib_a-impure.o)
 .text          0x00000000        0x0 /opt/ARM/bin/../lib/gcc/arm-none-eabi/4.8.3/../../../../arm-none-eabi/lib/armv6-m/libg.a(lib_a-init.o)
 .data          0x00000000        0x0 /opt/ARM/bin/../lib/gcc/arm-none-eabi/4.8.3/../../../../arm-none-eabi/lib/armv6-m/libg.a(lib_a-init.o)
 .bss           0x00000000        0x0 /opt/ARM/bin/../lib/gcc/arm-none-eabi/4.8.3/../../../../arm-none-eabi/lib/armv6-m/libg.a(lib_a-init.o)
 .text          0x00000000        0x0 /opt/ARM/bin/../lib/gcc/arm-none-eabi/4.8.3/../../../../arm-none-eabi/lib/armv6-m/libg.a(lib_a-memset.o)
 .data          0x00000000        0x0 /opt/ARM/bin/../lib/gcc/arm-none-eabi/4.8.3/../../../../arm-none-eabi/lib/armv6-m/libg.a(lib_a-memset.o)
 .bss           0x00000000        0x0 /opt/ARM/bin/../lib/gcc/arm-none-eabi/4.8.3/../../../../arm-none-eabi/lib/armv6-m/libg.a(lib_a-memset.o)
 .text.memset   0x00000000       0xbc /opt/ARM/bin/../lib/gcc/arm-none-eabi/4.8.3/../../../../arm-none-eabi/lib/armv6-m/libg.a(lib_a-memset.o)
 .ARM.attributes
                0x00000000       0x2c /opt/ARM/bin/../lib/gcc/arm-none-eabi/4.8.3/../../../../arm-none-eabi/lib/armv6-m/libg.a(lib_a-memset.o)
 .debug_frame   0x00000000       0x38 /opt/ARM/bin/../lib/gcc/arm-none-eabi/4.8.3/../../../../arm-none-eabi/lib/armv6-m/libg.a(lib_a-memset.o)
 .text          0x00000000        0x0 /opt/ARM/bin/../lib/gcc/arm-none-eabi/4.8.3/../../../../arm-none-eabi/lib/armv6-m/libg.a(lib_a-__call_atexit.o)
 .data          0x00000000        0x0 /opt/ARM/bin/../lib/gcc/arm-none-eabi/4.8.3/../../../../arm-none-eabi/lib/armv6-m/libg.a(lib_a-__call_atexit.o)
 .bss           0x00000000        0x0 /opt/ARM/bin/../lib/gcc/arm-none-eabi/4.8.3/../../../../arm-none-eabi/lib/armv6-m/libg.a(lib_a-__call_atexit.o)
 .text.startup.register_fini
                0x00000000       0x18 /opt/ARM/bin/../lib/gcc/arm-none-eabi/4.8.3/../../../../arm-none-eabi/lib/armv6-m/libg.a(lib_a-__call_atexit.o)
 .init_array.00000
                0x00000000        0x4 /opt/ARM/bin/../lib/gcc/arm-none-eabi/4.8.3/../../../../arm-none-eabi/lib/armv6-m/libg.a(lib_a-__call_atexit.o)
 .text.__call_exitprocs
                0x00000000      0x118 /opt/ARM/bin/../lib/gcc/arm-none-eabi/4.8.3/../../../../arm-none-eabi/lib/armv6-m/libg.a(lib_a-__call_atexit.o)
 .ARM.attributes
                0x00000000       0x2c /opt/ARM/bin/../lib/gcc/arm-none-eabi/4.8.3/../../../../arm-none-eabi/lib/armv6-m/libg.a(lib_a-__call_atexit.o)
 .debug_frame   0x00000000       0x54 /opt/ARM/bin/../lib/gcc/arm-none-eabi/4.8.3/../../../../arm-none-eabi/lib/armv6-m/libg.a(lib_a-__call_atexit.o)
 .text          0x00000000        0x0 /opt/ARM/bin/../lib/gcc/arm-none-eabi/4.8.3/../../../../arm-none-eabi/lib/armv6-m/libg.a(lib_a-atexit.o)
 .data          0x00000000        0x0 /opt/ARM/bin/../lib/gcc/arm-none-eabi/4.8.3/../../../../arm-none-eabi/lib/armv6-m/libg.a(lib_a-atexit.o)
 .bss           0x00000000        0x0 /opt/ARM/bin/../lib/gcc/arm-none-eabi/4.8.3/../../../../arm-none-eabi/lib/armv6-m/libg.a(lib_a-atexit.o)
 .text.atexit   0x00000000       0x10 /opt/ARM/bin/../lib/gcc/arm-none-eabi/4.8.3/../../../../arm-none-eabi/lib/armv6-m/libg.a(lib_a-atexit.o)
 .ARM.attributes
                0x00000000       0x2c /opt/ARM/bin/../lib/gcc/arm-none-eabi/4.8.3/../../../../arm-none-eabi/lib/armv6-m/libg.a(lib_a-atexit.o)
 .debug_frame   0x00000000       0x28 /opt/ARM/bin/../lib/gcc/arm-none-eabi/4.8.3/../../../../arm-none-eabi/lib/armv6-m/libg.a(lib_a-atexit.o)
 .text          0x00000000        0x0 /opt/ARM/bin/../lib/gcc/arm-none-eabi/4.8.3/../../../../arm-none-eabi/lib/armv6-m/libg.a(lib_a-fini.o)
 .data          0x00000000        0x0 /opt/ARM/bin/../lib/gcc/arm-none-eabi/4.8.3/../../../../arm-none-eabi/lib/armv6-m/libg.a(lib_a-fini.o)
 .bss           0x00000000        0x0 /opt/ARM/bin/../lib/gcc/arm-none-eabi/4.8.3/../../../../arm-none-eabi/lib/armv6-m/libg.a(lib_a-fini.o)
 .text.__libc_fini_array
                0x00000000       0x30 /opt/ARM/bin/../lib/gcc/arm-none-eabi/4.8.3/../../../../arm-none-eabi/lib/armv6-m/libg.a(lib_a-fini.o)
 .ARM.attributes
                0x00000000       0x2c /opt/ARM/bin/../lib/gcc/arm-none-eabi/4.8.3/../../../../arm-none-eabi/lib/armv6-m/libg.a(lib_a-fini.o)
 .debug_frame   0x00000000       0x2c /opt/ARM/bin/../lib/gcc/arm-none-eabi/4.8.3/../../../../arm-none-eabi/lib/armv6-m/libg.a(lib_a-fini.o)
 .text          0x00000000        0x0 /opt/ARM/bin/../lib/gcc/arm-none-eabi/4.8.3/../../../../arm-none-eabi/lib/armv6-m/libg.a(lib_a-__atexit.o)
 .data          0x00000000        0x0 /opt/ARM/bin/../lib/gcc/arm-none-eabi/4.8.3/../../../../arm-none-eabi/lib/armv6-m/libg.a(lib_a-__atexit.o)
 .bss           0x00000000        0x0 /opt/ARM/bin/../lib/gcc/arm-none-eabi/4.8.3/../../../../arm-none-eabi/lib/armv6-m/libg.a(lib_a-__atexit.o)
 .text.__register_exitproc
                0x00000000       0xc0 /opt/ARM/bin/../lib/gcc/arm-none-eabi/4.8.3/../../../../arm-none-eabi/lib/armv6-m/libg.a(lib_a-__atexit.o)
 .ARM.attributes
                0x00000000       0x2c /opt/ARM/bin/../lib/gcc/arm-none-eabi/4.8.3/../../../../arm-none-eabi/lib/armv6-m/libg.a(lib_a-__atexit.o)
 .debug_frame   0x00000000       0x38 /opt/ARM/bin/../lib/gcc/arm-none-eabi/4.8.3/../../../../arm-none-eabi/lib/armv6-m/libg.a(lib_a-__atexit.o)
 .text          0x00000000        0x0 /opt/ARM/bin/../lib/gcc/arm-none-eabi/4.8.3/armv6-m/crtend.o
 .data          0x00000000        0x0 /opt/ARM/bin/../lib/gcc/arm-none-eabi/4.8.3/armv6-m/crtend.o
 .bss           0x00000000        0x0 /opt/ARM/bin/../lib/gcc/arm-none-eabi/4.8.3/armv6-m/crtend.o
 .eh_frame      0x00000000        0x4 /opt/ARM/bin/../lib/gcc/arm-none-eabi/4.8.3/armv6-m/crtend.o
 .jcr           0x00000000        0x4 /opt/ARM/bin/../lib/gcc/arm-none-eabi/4.8.3/armv6-m/crtend.o
 .ARM.attributes
                0x00000000       0x2c /opt/ARM/bin/../lib/gcc/arm-none-eabi/4.8.3/armv6-m/crtend.o
 .text          0x00000000        0x0 /opt/ARM/bin/../lib/gcc/arm-none-eabi/4.8.3/armv6-m/crtn.o
 .data          0x00000000        0x0 /opt/ARM/bin/../lib/gcc/arm-none-eabi/4.8.3/armv6-m/crtn.o
 .bss           0x00000000        0x0 /opt/ARM/bin/../lib/gcc/arm-none-eabi/4.8.3/armv6-m/crtn.o

Memory Configuration

Name             Origin             Length             Attributes
FLASH            0x08000000         0x00020000         xr
RAM              0x20000000         0x00004000         xrw
*default*        0x00000000         0xffffffff

Linker script and memory map

LOAD /opt/ARM/bin/../lib/gcc/arm-none-eabi/4.8.3/armv6-m/crti.o
LOAD /opt/ARM/bin/../lib/gcc/arm-none-eabi/4.8.3/armv6-m/crtbegin.o
LOAD /opt/ARM/bin/../lib/gcc/arm-none-eabi/4.8.3/../../../../arm-none-eabi/lib/armv6-m/crt0.o
LOAD /tmp/ccKUKN2K.o
LOAD /tmp/ccI52Loa.o
LOAD /tmp/cc4UjQjy.o
LOAD Libraries/libstm32l1.a
START GROUP
LOAD /opt/ARM/bin/../lib/gcc/arm-none-eabi/4.8.3/armv6-m/libgcc.a
LOAD /opt/ARM/bin/../lib/gcc/arm-none-eabi/4.8.3/../../../../arm-none-eabi/lib/armv6-m/libg.a
LOAD /opt/ARM/bin/../lib/gcc/arm-none-eabi/4.8.3/../../../../arm-none-eabi/lib/armv6-m/libc.a
END GROUP
LOAD /opt/ARM/bin/../lib/gcc/arm-none-eabi/4.8.3/armv6-m/crtend.o
LOAD /opt/ARM/bin/../lib/gcc/arm-none-eabi/4.8.3/armv6-m/crtn.o
                0x20002000                _estack = 0x20002000

.isr_vector     0x08000000      0x10c
                0x08000000                . = ALIGN (0x4)
 *(.isr_vector)
 .isr_vector    0x08000000      0x10c /tmp/cc4UjQjy.o
                0x08000000                g_pfnVectors
                0x0800010c                . = ALIGN (0x4)

.text           0x0800010c      0x21c
                0x0800010c                . = ALIGN (0x4)
 *(.text)
 *(.text.*)
 .text.delay    0x0800010c       0x1c /tmp/ccKUKN2K.o
                0x0800010c                delay
 .text.startup.main
                0x08000128       0x38 /tmp/ccKUKN2K.o
                0x08000128                main
 .text.SystemInit
                0x08000160      0x114 /tmp/ccI52Loa.o
                0x08000160                SystemInit
 .text.Reset_Handler
                0x08000274       0x50 /tmp/cc4UjQjy.o
                0x08000274                Reset_Handler
 .text.Default_Handler
                0x080002c4        0x4 /tmp/cc4UjQjy.o
                0x080002c4                RTC_Alarm_IRQHandler
                0x080002c4                EXTI2_IRQHandler
                0x080002c4                DebugMon_Handler
                0x080002c4                HardFault_Handler
                0x080002c4                TIM10_IRQHandler
                0x080002c4                USB_HP_IRQHandler
                0x080002c4                TIM6_IRQHandler
                0x080002c4                SysTick_Handler
                0x080002c4                PVD_IRQHandler
                0x080002c4                PendSV_Handler
                0x080002c4                NMI_Handler
                0x080002c4                EXTI3_IRQHandler
                0x080002c4                EXTI0_IRQHandler
                0x080002c4                I2C2_EV_IRQHandler
                0x080002c4                UsageFault_Handler
                0x080002c4                SPI1_IRQHandler
                0x080002c4                USB_FS_WKUP_IRQHandler
                0x080002c4                DMA1_Channel4_IRQHandler
                0x080002c4                ADC1_IRQHandler
                0x080002c4                USART3_IRQHandler
                0x080002c4                DMA1_Channel7_IRQHandler
                0x080002c4                LCD_IRQHandler
                0x080002c4                TIM4_IRQHandler
                0x080002c4                I2C1_EV_IRQHandler
                0x080002c4                DMA1_Channel6_IRQHandler
                0x080002c4                TIM3_IRQHandler
                0x080002c4                RCC_IRQHandler
                0x080002c4                DMA1_Channel1_IRQHandler
                0x080002c4                Default_Handler
                0x080002c4                EXTI15_10_IRQHandler
                0x080002c4                TIM7_IRQHandler
                0x080002c4                EXTI9_5_IRQHandler
                0x080002c4                TIM9_IRQHandler
                0x080002c4                TAMPER_STAMP_IRQHandler
                0x080002c4                RTC_WKUP_IRQHandler
                0x080002c4                SPI2_IRQHandler
                0x080002c4                MemManage_Handler
                0x080002c4                SVC_Handler
                0x080002c4                DMA1_Channel5_IRQHandler
                0x080002c4                USB_LP_IRQHandler
                0x080002c4                EXTI4_IRQHandler
                0x080002c4                DMA1_Channel3_IRQHandler
                0x080002c4                COMP_IRQHandler
                0x080002c4                WWDG_IRQHandler
                0x080002c4                TIM2_IRQHandler
                0x080002c4                DAC_IRQHandler
                0x080002c4                EXTI1_IRQHandler
                0x080002c4                TIM11_IRQHandler
                0x080002c4                USART2_IRQHandler
                0x080002c4                I2C2_ER_IRQHandler
                0x080002c4                DMA1_Channel2_IRQHandler
                0x080002c4                FLASH_IRQHandler
                0x080002c4                BusFault_Handler
                0x080002c4                USART1_IRQHandler
                0x080002c4                I2C1_ER_IRQHandler
 .text.__libc_init_array
                0x080002c8       0x48 /opt/ARM/bin/../lib/gcc/arm-none-eabi/4.8.3/../../../../arm-none-eabi/lib/armv6-m/libg.a(lib_a-init.o)
                0x080002c8                __libc_init_array
 *(.rodata)
 *(.rodata*)
 *(.glue_7)
 .glue_7        0x00000000        0x0 linker stubs
 *(.glue_7t)
 .glue_7t       0x00000000        0x0 linker stubs
 *(.init)
 .init          0x08000310        0x4 /opt/ARM/bin/../lib/gcc/arm-none-eabi/4.8.3/armv6-m/crti.o
                0x08000310                _init
 .init          0x08000314        0x8 /opt/ARM/bin/../lib/gcc/arm-none-eabi/4.8.3/armv6-m/crtn.o
 *(.fini)
 .fini          0x0800031c        0x4 /opt/ARM/bin/../lib/gcc/arm-none-eabi/4.8.3/armv6-m/crti.o
                0x0800031c                _fini
 .fini          0x08000320        0x8 /opt/ARM/bin/../lib/gcc/arm-none-eabi/4.8.3/armv6-m/crtn.o
                0x08000328                . = ALIGN (0x4)
                0x08000328                _etext = .
                0x08000328                _sidata = _etext

.vfp11_veneer   0x08000328        0x0
 .vfp11_veneer  0x00000000        0x0 linker stubs

.v4_bx          0x08000328        0x0
 .v4_bx         0x00000000        0x0 linker stubs

.iplt           0x08000328        0x0
 .iplt          0x00000000        0x0 /opt/ARM/bin/../lib/gcc/arm-none-eabi/4.8.3/armv6-m/crtbegin.o

.rel.dyn        0x08000328        0x0
 .rel.iplt      0x00000000        0x0 /opt/ARM/bin/../lib/gcc/arm-none-eabi/4.8.3/armv6-m/crtbegin.o

.data           0x20000000        0x0 load address 0x08000328
                0x20000000                . = ALIGN (0x4)
                0x20000000                _sdata = .
                0x20000000                _data = .
 *(.data)
 *(.data.*)
 *(.RAMtext)
                0x20000000                . = ALIGN (0x4)
                0x20000000                _edata = .

.igot.plt       0x20000000        0x0
 .igot.plt      0x00000000        0x0 /opt/ARM/bin/../lib/gcc/arm-none-eabi/4.8.3/armv6-m/crtbegin.o

.bss            0x20000000        0x0
                0x20000000                . = ALIGN (0x4)
                0x20000000                _sbss = .
                0x20000000                _bss = .
 *(.bss)
 *(.bss.*)
 *(COMMON)
                0x20000000                . = ALIGN (0x4)
                0x20000000                _ebss = .
                0x20000000                PROVIDE (end, _ebss)
                0x20000000                PROVIDE (_end, _ebss)
                0x20000000                __exidx_start = .
                0x20000000                __exidx_end = .

/DISCARD/
 libc.a(*)
 libm.a(*)
 libgcc.a(*)

.stab
 *(.stab)

.stabstr
 *(.stabstr)

.stab.excl
 *(.stab.excl)

.stab.exclstr
 *(.stab.exclstr)

.stab.index
 *(.stab.index)

.stab.indexstr
 *(.stab.indexstr)

.comment        0x00000000       0x70
 *(.comment)
 .comment       0x00000000       0x70 /tmp/ccKUKN2K.o
                                 0x71 (size before relaxing)
 .comment       0x00000000       0x71 /tmp/ccI52Loa.o

.ARM.attributes
                0x00000000       0x2d
 .ARM.attributes
                0x00000000       0x1e /opt/ARM/bin/../lib/gcc/arm-none-eabi/4.8.3/armv6-m/crti.o
 .ARM.attributes
                0x0000001e       0x31 /tmp/ccKUKN2K.o
 .ARM.attributes
                0x0000004f       0x31 /tmp/ccI52Loa.o
 .ARM.attributes
                0x00000080       0x21 /tmp/cc4UjQjy.o
 .ARM.attributes
                0x000000a1       0x2c /opt/ARM/bin/../lib/gcc/arm-none-eabi/4.8.3/../../../../arm-none-eabi/lib/armv6-m/libg.a(lib_a-init.o)
 .ARM.attributes
                0x000000cd       0x1e /opt/ARM/bin/../lib/gcc/arm-none-eabi/4.8.3/armv6-m/crtn.o

.debug
 *(.debug)

.line
 *(.line)

.debug_srcinfo
 *(.debug_srcinfo)

.debug_sfnames
 *(.debug_sfnames)

.debug_aranges  0x00000000       0x78
 *(.debug_aranges)
 .debug_aranges
                0x00000000       0x28 /tmp/ccKUKN2K.o
 .debug_aranges
                0x00000028       0x28 /tmp/ccI52Loa.o
 .debug_aranges
                0x00000050       0x28 /tmp/cc4UjQjy.o

.debug_pubnames
 *(.debug_pubnames)

.debug_info     0x00000000      0x887
 *(.debug_info .gnu.linkonce.wi.*)
 .debug_info    0x00000000      0x2d1 /tmp/ccKUKN2K.o
 .debug_info    0x000002d1      0x53f /tmp/ccI52Loa.o
 .debug_info    0x00000810       0x77 /tmp/cc4UjQjy.o

.debug_abbrev   0x00000000      0x275
 *(.debug_abbrev)
 .debug_abbrev  0x00000000      0x104 /tmp/ccKUKN2K.o
 .debug_abbrev  0x00000104      0x15f /tmp/ccI52Loa.o
 .debug_abbrev  0x00000263       0x12 /tmp/cc4UjQjy.o

.debug_line     0x00000000      0x299
 *(.debug_line)
 .debug_line    0x00000000       0xf4 /tmp/ccKUKN2K.o
 .debug_line    0x000000f4      0x12b /tmp/ccI52Loa.o
 .debug_line    0x0000021f       0x7a /tmp/cc4UjQjy.o

.debug_frame    0x00000000       0xb4
 *(.debug_frame)
 .debug_frame   0x00000000       0x3c /tmp/ccKUKN2K.o
 .debug_frame   0x0000003c       0x4c /tmp/ccI52Loa.o
 .debug_frame   0x00000088       0x2c /opt/ARM/bin/../lib/gcc/arm-none-eabi/4.8.3/../../../../arm-none-eabi/lib/armv6-m/libg.a(lib_a-init.o)

.debug_str      0x00000000      0x39e
 *(.debug_str)
 .debug_str     0x00000000      0x23d /tmp/ccKUKN2K.o
                                0x279 (size before relaxing)
 .debug_str     0x0000023d      0x161 /tmp/ccI52Loa.o
                                0x36d (size before relaxing)

.debug_loc      0x00000000      0x119
 *(.debug_loc)
 .debug_loc     0x00000000      0x119 /tmp/ccI52Loa.o

.debug_macinfo
 *(.debug_macinfo)

.debug_weaknames
 *(.debug_weaknames)

.debug_funcnames
 *(.debug_funcnames)

.debug_typenames
 *(.debug_typenames)

.debug_varnames
 *(.debug_varnames)
OUTPUT(main.elf elf32-littlearm)

.debug_ranges   0x00000000       0x68
 .debug_ranges  0x00000000       0x18 /tmp/ccKUKN2K.o
 .debug_ranges  0x00000018       0x30 /tmp/ccI52Loa.o
 .debug_ranges  0x00000048       0x20 /tmp/cc4UjQjy.o
